<!DOCTYPE html>
<html lang="en"><!--Version: test--><!--DB Id: db-id-->
  <head>
    <meta name="robots" content="noindex"/>
    <meta name="viewport" content="width=device-width, initial-scale=1.0"/>
    <meta charset="UTF-8"/>
    <meta name="og:site_name" content="The Swift Package Index"/>
    <link rel="canonical" href="http://localhost:8080/search?query=%27%3E%22%3E%3C/script%3E%3Csvg/onload=confirm(%27XSS%27)%3E"/>
    <meta name="twitter:url" content="http://localhost:8080/search?query=%27%3E%22%3E%3C/script%3E%3Csvg/onload=confirm(%27XSS%27)%3E"/>
    <meta name="og:url" content="http://localhost:8080/search?query=%27%3E%22%3E%3C/script%3E%3Csvg/onload=confirm(%27XSS%27)%3E"/>
    <title>Search Results for &ldquo;&apos;&gt;&quot;&gt;&lt;/script&gt;&lt;svg/onload=confirm(&apos;XSS&apos;)&gt;&rdquo; &ndash; Swift Package Index</title>
    <meta name="twitter:title" content="Search Results for &ldquo;&apos;&gt;&quot;&gt;&lt;/script&gt;&lt;svg/onload=confirm(&apos;XSS&apos;)&gt;&rdquo; &ndash; Swift Package Index"/>
    <meta name="og:title" content="Search Results for &ldquo;&apos;&gt;&quot;&gt;&lt;/script&gt;&lt;svg/onload=confirm(&apos;XSS&apos;)&gt;&rdquo; &ndash; Swift Package Index"/>
    <meta name="description" content="The Swift Package Index is the place to find the best Swift packages."/>
    <meta name="twitter:description" content="The Swift Package Index is the place to find the best Swift packages."/>
    <meta name="og:description" content="The Swift Package Index is the place to find the best Swift packages."/>
    <meta name="twitter:card" content="summary"/>
    <meta name="twitter:image" content="http://localhost:8080/images/logo.png"/>
    <meta name="og:image" content="http://localhost:8080/images/logo.png"/>
    <link rel="shortcut icon" href="/images/logo-small.png" type="image/png"/>
    <link rel="stylesheet" href="/main.css?test" data-turbolinks-track="reload"/>
    <link rel="alternate" type="application/rss+xml" title="Swift Package Index â€“ Recently Added" href="http://localhost:8080/packages.rss"/>
    <link rel="alternate" type="application/rss+xml" title="Swift Package Index â€“ Recent Releases" href="http://localhost:8080/releases.rss"/>
    <link rel="alternate" type="application/rss+xml" title="Swift Package Index â€“ Recent Major Releases" href="http://localhost:8080/releases.rss?major=true"/>
    <link rel="alternate" type="application/rss+xml" title="Swift Package Index â€“ Recent Major & Minor Releases" href="http://localhost:8080/releases.rss?major=true&minor=true"/>
    <link rel="alternate" type="application/rss+xml" title="Swift Package Index â€“ Recent Pre-Releases" href="http://localhost:8080/releases.rss?pre=true"/>
    <script src="/main.js?test" data-turbolinks-track="reload" defer></script>
  </head>
  <body>
    <div class="staging">Staging / Development</div>
    <header>
      <div class="inner">
        <a href="/">
          <h1>
            <img alt="The Swift Package Index logo." src="/images/logo.svg"/>Swift Package Index
          </h1>
        </a>
        <nav>
          <ul>
            <li class="menu-scta">
              <a id="menu-scta" href="https://github.com/sponsors/SwiftPackageIndex"></a>
              <div id="menu-scta-help">
                <p>The Swift Package Index is an open-source project entirely funded by community donations.</p>
                <p>Please consider sponsoring this project. 
                  <strong>Thank you!</strong>
                </p>
              </div>
            </li>
            <li>
              <a href="/add-a-package">Add a Package</a>
            </li>
            <li>
              <a href="https://blog.swiftpackageindex.com">Blog</a>
            </li>
            <li>
              <a href="/faq">FAQ</a>
            </li>
          </ul>
        </nav>
      </div>
    </header>
    <p class="announcement">Do you maintain a package with DocC-compatible documentation? 
      <a href="https://blog.swiftpackageindex.com/posts/auto-generating-auto-hosting-and-auto-updating-docc-documentation/">Let us build and host your docs</a>! ðŸ“š
    </p>
    <nav class="breadcrumbs">
      <div class="inner">
        <ul>
          <li>
            <a href="/">
              <span>Home</span>
            </a>
          </li>
          <li>
            <span>Search Results for &ldquo;&apos;&gt;&quot;&gt;&lt;/script&gt;&lt;svg/onload=confirm(&apos;XSS&apos;)&gt;&rdquo;</span>
          </li>
        </ul>
      </div>
    </nav>
    <main>
      <div class="inner">
        <section class="search">
          <form action="/search">
            <input id="query" name="query" type="search" placeholder="Search" spellcheck="false" autocomplete="off" data-gramm="false" data-focus="true" value="&apos;&gt;&quot;&gt;&lt;/script&gt;&lt;svg/onload=confirm(&apos;XSS&apos;)&gt;"/>
            <button type="submit">
              <div title="Search"></div>
            </button>
          </form>
          <div class="filter-suggestions">Add filters to narrow search results. 
            <span class="learn_more">
              <a href="/faq#search-filters">Learn more</a>.
            </span>
          </div>
        </section>
        <section class="search-results">
          <p>Results for &ldquo;
            <strong>&apos;&gt;&quot;&gt;&lt;/script&gt;&lt;svg/onload=confirm(&apos;XSS&apos;)&gt;</strong>&rdquo;&hellip;
          </p>
          <section class="package-results">
            <h4>Matching packages</h4>
            <p>No packages found.</p>
            <ul id="package-list" data-focus-query-field="true"></ul>
            <ul class="pagination">
              <li class="previous">
                <a href="/search?query=&apos;&gt;&quot;&gt;&lt;/script&gt;&lt;svg/onload=confirm(&apos;XSS&apos;)&gt;&page=2">Previous Page</a>
              </li>
            </ul>
          </section>
        </section>
      </div>
    </main>
    <footer>
      <div class="inner">
        <nav>
          <ul>
            <li>
              <a href="https://blog.swiftpackageindex.com">Blog</a>
            </li>
            <li>
              <a href="https://github.com/SwiftPackageIndex/SwiftPackageIndex-Server">GitHub</a>
            </li>
            <li>
              <a href="/privacy">Privacy and Cookies</a>
            </li>
            <li>
              <a href="https://swiftpackageindex.statuspage.io">Uptime and System Status</a>
            </li>
            <li>
              <a href="/build-monitor">Build System Monitor</a>
            </li>
            <li>
              <a href="https://twitter.com/swiftpackages">Twitter</a>
            </li>
          </ul>
          <small>The Swift Package Index is entirely funded by community sponsorship. Thank you to 
            <a href="https://github.com/SwiftPackageIndex/SwiftPackageIndex-Server#funding-and-sponsorship">all our sponsors for their generosity</a>.
          </small>
          <a rel="me" href="https://mas.to/@SwiftPackageIndex"></a>
          <a rel="me" href="https://mas.to/@SwiftPackageUpdates"></a>
        </nav>
      </div>
    </footer>
    <div class="staging">Staging / Development</div>
  </body>
</html>