<?xml version="1.0" encoding="UTF-8"?>
<urlset xmlns="http://www.sitemaps.org/schemas/sitemap/0.9" xmlns:image="http://www.google.com/schemas/sitemap-image/1.1">
  <url>
    <loc>https://indexsite.com/faq</loc>
    <changefreq>weekly</changefreq>
  </url>
  <url>
    <loc>https://indexsite.com/</loc>
    <changefreq>hourly</changefreq>
  </url>
  <url>
    <loc>https://indexsite.com/privacy</loc>
    <changefreq>monthly</changefreq>
  </url>
  <url>
    <loc>https://indexsite.com/foo1/bar1</loc>
    <changefreq>daily</changefreq>
  </url>
  <url>
    <loc>https://indexsite.com/foo1/bar1/documentation</loc>
    <changefreq>daily</changefreq>
  </url>
  <url>
    <loc>https://indexsite.com/foo2/bar2</loc>
    <changefreq>daily</changefreq>
  </url>
  <url>
    <loc>https://indexsite.com/foo3/bar3</loc>
    <changefreq>daily</changefreq>
  </url>
</urlset>